// Jest Snapshot v1, https://goo.gl/fbAQLP

exports[`Docs should render correctly 1`] = `ShallowWrapper {}`;

exports[`Navbar should render correctly 1`] = `ShallowWrapper {}`;
