// Jest Snapshot v1, https://goo.gl/fbAQLP

exports[`Navbar should render correctly 1`] = `ShallowWrapper {}`;

exports[`SingleView should render correctly 1`] = `ShallowWrapper {}`;
